
> frontend@0.1.0 build
> node ./node_modules/next/dist/bin/next build

Γû▓ Next.js 16.1.6 (Turbopack)
- Environments: .env.local

  Creating an optimized production build ...
